// Jest Snapshot v1, https://goo.gl/fbAQLP

exports[`loads closure library modules with es6 import 1`] = `
[MockFunction] {
  "calls": Array [
    Array [
      "Inner box in outer box",
      true,
    ],
    Array [
      "Outer box in inner box",
      false,
    ],
  ],
}
`;
