// Jest Snapshot v1, https://goo.gl/fbAQLP

exports[`loads goog modules with es6 import 1`] = `
[MockFunction] {
  "calls": Array [
    Array [
      "This should contain the empty submodule:",
      Object {
        "value": "This is a module",
      },
    ],
    Array [
      "Call via default export:",
    ],
    Array [
      "this is some.legacy.namespace.myFn",
    ],
    Array [
      "some.legacy.namespace.otherModule.text =",
      "This is from otherModule.",
    ],
    Array [
      "Call via named export:",
    ],
    Array [
      "this is some.legacy.namespace.myFn",
    ],
    Array [
      "some.legacy.namespace.otherModule.text =",
      "This is from otherModule.",
    ],
    Array [
      "Some var:",
      42,
    ],
  ],
}
`;
